[debug] [2026-07-31T16:58:59.255Z] ----------------------------------------------------------------------
[debug] [2026-07-31T16:58:59.257Z] Command:       C:\Program Files\nodejs\node.exe C:\Users\lucas\AppData\Roaming\npm\node_modules\firebase-tools\lib\bin\firebase.js auth:export /proc/self/fd/1 --format=json --project skillry-203fb
[debug] [2026-07-31T16:58:59.258Z] CLI Version:   15.18.0
[debug] [2026-07-31T16:58:59.258Z] Platform:      win32
[debug] [2026-07-31T16:58:59.258Z] Node Version:  v24.13.0
[debug] [2026-07-31T16:58:59.258Z] Time:          Fri Jul 31 2026 18:58:59 GMT+0200 (Mitteleuropäische Sommerzeit)
[debug] [2026-07-31T16:58:59.258Z] ----------------------------------------------------------------------
[debug] 
[debug] [2026-07-31T16:58:59.423Z] Object "" in "firebase.json" has unknown property: {"additionalProperty":"_comment"}
[debug] [2026-07-31T16:58:59.428Z] > command requires scopes: ["email","openid","https://www.googleapis.com/auth/cloudplatformprojects.readonly","https://www.googleapis.com/auth/firebase","https://www.googleapis.com/auth/cloud-platform"]
[debug] [2026-07-31T16:58:59.428Z] > authorizing via signed-in user (lucassteckel04@gmail.com)
[debug] [2026-07-31T16:58:59.428Z] [iam] checking project skillry-203fb for permissions ["firebase.projects.get","firebaseauth.users.get"]
[debug] [2026-07-31T16:58:59.429Z] Checked if tokens are valid: true, expires at: 1785519474261
[debug] [2026-07-31T16:58:59.429Z] Checked if tokens are valid: true, expires at: 1785519474261
[debug] [2026-07-31T16:58:59.430Z] >>> [apiv2][query] POST https://cloudresourcemanager.googleapis.com/v1/projects/skillry-203fb:testIamPermissions [none]
[debug] [2026-07-31T16:58:59.430Z] >>> [apiv2][(partial)header] POST https://cloudresourcemanager.googleapis.com/v1/projects/skillry-203fb:testIamPermissions  x-goog-user-project=skillry-203fb
[debug] [2026-07-31T16:58:59.430Z] >>> [apiv2][body] POST https://cloudresourcemanager.googleapis.com/v1/projects/skillry-203fb:testIamPermissions {"permissions":["firebase.projects.get","firebaseauth.users.get"]}
[debug] [2026-07-31T16:58:59.686Z] <<< [apiv2][status] POST https://cloudresourcemanager.googleapis.com/v1/projects/skillry-203fb:testIamPermissions 200
[debug] [2026-07-31T16:58:59.686Z] <<< [apiv2][body] POST https://cloudresourcemanager.googleapis.com/v1/projects/skillry-203fb:testIamPermissions {"permissions":["firebase.projects.get","firebaseauth.users.get"]}
[info] Exporting accounts to /proc/self/fd/1
[debug] [2026-07-31T16:58:59.687Z] Checked if tokens are valid: true, expires at: 1785519474261
[debug] [2026-07-31T16:58:59.687Z] Checked if tokens are valid: true, expires at: 1785519474261
[debug] [2026-07-31T16:58:59.687Z] >>> [apiv2][query] POST https://www.googleapis.com/identitytoolkit/v3/relyingparty/downloadAccount [none]
[debug] [2026-07-31T16:58:59.687Z] >>> [apiv2][body] POST https://www.googleapis.com/identitytoolkit/v3/relyingparty/downloadAccount {"targetProjectId":"skillry-203fb","maxResults":1000}
[debug] [2026-07-31T16:58:59.690Z] Error: ENOENT: no such file or directory, open 'D:\proc\self\fd\1'
[error] 
[error] Error: An unexpected error has occurred.
[debug] [2026-07-31T16:58:59.907Z] <<< [apiv2][status] POST https://www.googleapis.com/identitytoolkit/v3/relyingparty/downloadAccount 200
[debug] [2026-07-31T16:58:59.907Z] <<< [apiv2][body] POST https://www.googleapis.com/identitytoolkit/v3/relyingparty/downloadAccount [omitted]
